c3e00010 T _start
c3e00030 t _undefined_instruction
c3e00034 t _software_interrupt
c3e00038 t _prefetch_abort
c3e0003c t _data_abort
c3e00040 t _not_used
c3e00044 t _irq
c3e00048 t _fiq
c3e0004c t _pad
c3e00050 T _end_vect
c3e00050 t _TEXT_BASE
c3e00054 t _TEXT_PHY_BASE
c3e00058 T _armboot_start
c3e0005c T _bss_start
c3e00060 T _bss_end
c3e00064 t reset
c3e00074 t cache_init
c3e00188 t nand_boot
c3e00194 t onenand_boot
c3e0019c t second_mmcsd_boot
c3e001a8 t mmcsd_boot
c3e001c4 t emmc_boot
c3e001e0 t emmc441_boot
c3e00210 t nor_boot
c3e00214 t after_copy
c3e00214 t enable_mmu
c3e00234 t mmu_on
c3e00264 t skip_hw_init
c3e00264 t stack_setup
c3e00268 t clear_bss
c3e00274 t clbss_l
c3e00288 t _start_armboot
c3e0028c t _dmc_density
c3e00290 t _mmu_table_base
c3e00294 T copy_from_nand
c3e002d0 t copy_failed
c3e002d8 t compare_failed
c3e002e0 T theLastJump
c3e002fc t phy_last_jump
c3e00320 t undefined_instruction
c3e00380 t software_interrupt
c3e003e0 t prefetch_abort
c3e00440 t data_abort
c3e004a0 t not_used
c3e00500 t irq
c3e00560 t fiq
c3e005c0 T arm_cache_flush
c3e005e0 T v7_flush_dcache_all
c3e005f8 t Loop1
c3e00638 t Loop2
c3e0063c t Loop3
c3e00658 t Skip
c3e00664 t Finished
c3e00680 T disable_l2cache
c3e006a0 T enable_l2cache
c3e006c0 T set_l2cache_auxctrl
c3e006e0 T set_l2cache_auxctrl_cycle
c3e00700 t CoInvalidateDCacheIndex
c3e00760 T mem_ctrl_asm_init
c3e0098c t v310
c3e00d0c t _TEXT_BASE
c3e00d10 T lowlevel_init
c3e00d88 t v310_1
c3e00dc8 t out
c3e00e04 t wakeup_reset
c3e00e34 t skip_dmc
c3e00e40 t wake_v310
c3e00e4c t exit_wakeup
c3e00e60 t system_clock_init
c3e01168 t v310_2
c3e0116c t wait_div_state1
c3e01180 t wait_mux_state1
c3e01194 t wait_mux_state0
c3e011a8 T uart_asm_init
c3e01214 t onenandcon_init
c3e01214 t wait_orwb
c3e0124c T nand_asm_init
c3e012c8 t tzpc_init
c3e014c4 T ace_hash_sha1_digest
c3e01588 T strcpy
c3e015a4 T strncpy
c3e015cc T strcat
c3e015fc T strncat
c3e01658 T strcmp
c3e01688 T strncmp
c3e016d0 T strchr
c3e016fc T strlen
c3e0171c T strrchr
c3e01754 T strnlen
c3e0177c T strspn
c3e017c0 T strpbrk
c3e017f8 T strtok
c3e01874 T strsep
c3e018a8 T strswab
c3e018f0 T memset
c3e01964 T bcopy
c3e0198c T memcpy
c3e019f8 T memmove
c3e01a54 T memcmp
c3e01a8c T memscan
c3e01abc T strstr
c3e01b1c T memchr
c3e01b48 T strdup
c3e01b7c T copy_uboot_to_ram
c3e01c58 T enable_interrupts
c3e01c5c T disable_interrupts
c3e01c64 T interrupt_init
c3e01cd4 T set_timer
c3e01ce4 T reset_timer_masked
c3e01d08 T reset_timer
c3e01d0c T get_timer_masked
c3e01d54 T get_timer
c3e01d68 T udelay
c3e01dd8 T udelay_masked
c3e01e48 T get_ticks
c3e01e5c T get_tbclk
c3e01e74 T show_regs
c3e01fb4 T bad_mode
c3e01fd0 T do_irq
c3e01ff4 T do_fiq
c3e02018 T do_not_used
c3e0203c T do_data_abort
c3e02060 T do_prefetch_abort
c3e02084 T do_software_interrupt
c3e020a8 T do_undefined_instruction
c3e020cc T onenand_readw
c3e020d4 T onenand_writew
c3e020dc T onenand_loadpage
c3e0215c T onenand_isbad
c3e02184 T onenand_readpage
c3e021d0 T onenand_bl2_copy
c3e0222c T movi_uboot_copy
c3e02254 T emmc_uboot_copy
c3e02278 T emmc441_uboot_copy
c3e022a4 T movi_calc_checksum_bl1
c3e022cc T movi_write_bl1
c3e0231c T movi_write_env
c3e02334 T movi_read_env
c3e0234c T factory_reset
c3e02410 T recovery_preboot
c3e025cc T do_recovery
c3e026f0 T __coloured_LED_init
c3e026f0 W coloured_LED_init
c3e026f4 T __red_LED_on
c3e026f4 W red_LED_on
c3e026f8 T __red_LED_off
c3e026f8 W red_LED_off
c3e026fc T __green_LED_on
c3e026fc W green_LED_on
c3e02700 T __green_LED_off
c3e02700 W green_LED_off
c3e02704 T __yellow_LED_on
c3e02704 W yellow_LED_on
c3e02708 T __yellow_LED_off
c3e02708 W yellow_LED_off
c3e0270c T __blue_LED_on
c3e0270c W blue_LED_on
c3e02710 T __blue_LED_off
c3e02710 W blue_LED_off
c3e02714 T hang
c3e02724 t display_dram_config
c3e02778 t display_banner
c3e02798 T key_detect
c3e02804 t off_charge
c3e02a1c t init_baudrate
c3e02a7c T start_armboot
c3e02bb0 t downcase
c3e02be0 t setstr
c3e02c10 t dirdelim
c3e02c44 t compare_sign
c3e02c74 t slot2str
c3e02d38 t mkcksum
c3e02d68 T disk_read
c3e02e74 t get_fatent
c3e02fc8 t read_bootsectandvi
c3e030bc T file_fat_detectfs
c3e03208 t get_cluster
c3e032a8 t get_vfatname
c3e03438 t get_name
c3e034f4 T do_fat_read
c3e03de8 T file_fat_read
c3e03e20 T file_fat_ls
c3e03e30 T fat_register_device
c3e03f40 T fat_format_device
c3e04580 T get_random_val
c3e04598 T default_journal_size
c3e045d8 T ext2fs_format
c3e06b14 T ext2fs_free_node
c3e06b34 T ext2fs_close
c3e06be8 t ext2fs_read_inode
c3e06cb4 T ext2fs_mount
c3e06d68 T ext2fs_read_file
c3e0723c T ext2fs_read
c3e07274 t ext2fs_iterate_dir
c3e074e4 T ext2fs_find_file1
c3e0776c T ext2fs_find_file
c3e077e8 T ext2fs_open
c3e0787c T ext2fs_ls
c3e078f0 T ext2fs_devread
c3e07ac8 T ext2fs_set_blk_dev
c3e07b14 T dev_print
c3e07d10 T get_partition_info
c3e07d34 T init_part
c3e07d50 T get_dev
c3e07db4 T print_part
c3e07e90 t le32_to_int
c3e07eb4 t is_extended
c3e07ed4 T test_part_dos
c3e07f24 t get_partition_info_extended
c3e08180 T get_partition_info_dos
c3e081a0 t print_partition_extended
c3e0836c T print_part_dos
c3e08398 t __fswab32
c3e083b4 t INIT_LIST_HEAD
c3e083c0 T mmc_send_cmd
c3e083d0 T mmc_set_blocklen
c3e08408 T mmc_send_ext_csd
c3e08458 T mmc_set_relative_addr
c3e08490 T mmc_switch
c3e084d4 T mmc_change_freq
c3e08580 T sd_switch
c3e085ec T mmc_set_ios
c3e085fc T mmc_set_clock
c3e0861c T mmc_set_bus_width
c3e08624 T mmc_send_if_cond
c3e086a0 W board_mmc_init
c3e086a0 t __def_mmc_init
c3e086a8 T emmc_boot_close
c3e086f8 T emmc_boot_open
c3e08790 T emmc_boot_partition_size_change
c3e088ac T emmc_boot_erase
c3e089d8 T mmc_send_app_op_cond
c3e08ac8 T mmc_go_idle
c3e08b1c T mmc_send_op_cond
c3e08bbc T mmc_erase
c3e08f68 T print_mmc_devices
c3e08fdc T find_mmc_device
c3e09028 T mmc_get_dev
c3e0903c t mmc_bwrite
c3e090e8 T movi_write
c3e09100 t mmc_bread_primitive
c3e09198 t mmc_bread
c3e09204 T movi_read
c3e0921c T sd_change_freq
c3e093ec T mmc_startup
c3e09a68 T mmc_init
c3e09acc T mmc_initialize
c3e09be4 T mmc_register
c3e09c54 t print_num
c3e09c68 T do_bdinfo
c3e09d00 W do_go_exec
c3e09d18 T do_go
c3e09d90 t __fswab32
c3e09dac t image_get_data
c3e09db4 T __arch_preboot_os
c3e09db4 W arch_preboot_os
c3e09db8 t image_check_magic
c3e09ddc t image_info
c3e09ea4 T do_iminfo
c3e09f04 t image_get_size
c3e09f0c t image_get_data_size
c3e09f10 T do_bootd
c3e09f34 t do_bootm_rtems
c3e09f70 t do_bootm_qnxelf
c3e09fd4 t do_bootm_vxworks
c3e0a038 t bootm_load_os
c3e0a198 t T.77
c3e0a1a8 t do_bootm_netbsd
c3e0a2c8 T bootm_start
c3e0a61c T do_bootm_subcommand
c3e0a7e0 T do_bootm
c3e0aaf0 T do_coninfo
c3e0abe0 T do_echo
c3e0ac64 T load_elf_image
c3e0acfc T valid_elf_image
c3e0ad50 T do_bootvx
c3e0af90 W do_bootelf_exec
c3e0afd4 T do_bootelf
c3e0b06c T ext_format
c3e0b170 T do_ext3_format
c3e0b180 T do_ext2_format
c3e0b190 T do_ext2load
c3e0b4d0 T do_ext2ls
c3e0b604 T LCD_turnon
c3e0b608 T LCD_setfgcolor
c3e0b60c T LCD_setleftcolor
c3e0b610 T LCD_setprogress
c3e0b614 t reset_handler
c3e0b630 T fastboot_flash_get_ptn
c3e0b654 T fastboot_flash_get_ptn_count
c3e0b664 T fastboot_flash_find_ptn
c3e0b6d8 T fastboot_flash_dump_ptn
c3e0b824 T fastboot_flash_add_ptn
c3e0b864 t memparse
c3e0b8cc t write_to_ptn_sdmmc
c3e0bb1c t set_partition_table_sdmmc
c3e0be74 T sd_format_mmcs
c3e0befc t set_partition_table
c3e0c368 T do_fastboot
c3e0c5cc t T.127
c3e0c810 t rx_handler
c3e0d33c t update_from_sd
c3e0d490 T do_sdfuse
c3e0d820 T do_fat_format
c3e0d908 T do_fat_fsinfo
c3e0da08 T do_fat_ls
c3e0db08 T do_fat_fsload
c3e0de08 T do_help
c3e0de54 t evalstr
c3e0de70 t evalexp
c3e0dedc T binary_test
c3e0e0bc T do_itest
c3e0e150 T ktrans
c3e0e170 T chk1
c3e0e1a0 t bin_data_init
c3e0e1b8 t bin_data_char
c3e0e1d8 T k_data_init
c3e0e1f8 T k_data_save
c3e0e218 T k_data_restore
c3e0e234 T k_data_char
c3e0e284 T send_pad
c3e0e2b4 T s1_sendpacket
c3e0e2e0 T handle_send_packet
c3e0e4a4 T send_nack
c3e0e504 T send_ack
c3e0e564 t load_serial_ymodem
c3e0e66c t getcxmodem
c3e0e68c T do_load_serial_bin
c3e0eaf0 t load_serial
c3e0ece0 T do_load_serial
c3e0edc0 T do_max8997
c3e0ee28 T do_mdmup
c3e0eed8 T do_mem_crc
c3e0ef88 T do_mem_base
c3e0efcc T do_mem_mtest
c3e0f170 T do_mem_loop
c3e0f268 T do_mem_cp
c3e0f338 T do_mem_cmp
c3e0f4c8 T do_mem_mw
c3e0f588 t mod_mem
c3e0f6d0 T do_mem_nm
c3e0f6f0 T do_mem_mm
c3e0f710 T do_mem_md
c3e0f7e4 T do_sleep
c3e0f86c T do_mmcinfo
c3e0f9bc T do_mmcops_secure
c3e0fc7c T do_mmcops
c3e100bc T do_emmc
c3e10468 T calc_unit
c3e104c8 T encode_chs
c3e104e8 T get_SDInfo
c3e105d0 T make_partitionInfo
c3e107cc T put_mmc_mbr
c3e10830 T get_mmc_mbr
c3e10890 T get_mmc_block_count
c3e108d4 T decode_partitionInfo
c3e10914 T get_mmc_part_info
c3e109b0 T print_mmc_part_info
c3e10b54 T encode_partitionInfo
c3e10bcc T make_mmc_partition
c3e10ec8 T create_mmc_fdisk
c3e10f60 T do_fdisk
c3e10ff4 T do_movi
c3e1162c T init_raw_area_table
c3e11898 T get_env_id
c3e118a8 T envmatch
c3e11908 T getenv_r
c3e119a8 T do_saveenv
c3e119d4 T getenv
c3e11a3c T _do_setenv
c3e11e34 T do_setenv
c3e11e60 T setenv
c3e11eac T do_editenv
c3e11f18 t printenv
c3e11ffc T do_printenv
c3e12088 t __fswab32
c3e120a4 T source
c3e12228 T do_source
c3e12270 T do_usbd_dnw
c3e12380 T do_version
c3e123a0 T do_imgextract
c3e1267c T cmd_get_data_size
c3e126cc T cmd_usage
c3e1272c T find_cmd_tbl
c3e127c0 T find_cmd
c3e127e8 T _do_help
c3e12968 t console_setfile
c3e12a08 T fgetc
c3e12a30 T ftstc
c3e12a58 T fputc
c3e12a84 T fputs
c3e12ab0 T disable_ctrlc
c3e12ac8 T had_ctrlc
c3e12ad8 T clear_ctrlc
c3e12aec T dbg
c3e12af8 T console_init_f
c3e12b08 T search_device
c3e12b30 T console_assign
c3e12b70 T fprintf
c3e12bb8 T puts
c3e12bd4 T vprintf
c3e12c00 T printf
c3e12c40 T stdio_print_current_devices
c3e12cf8 T console_init_r
c3e12dd8 T serial_printf
c3e12e18 T putc
c3e12e34 T tstc
c3e12e4c T getc
c3e12e64 T ctrlc
c3e12eb0 T check_compress_ext4
c3e12f74 T write_compressed_ext4
c3e13058 T sbrk
c3e13090 T malloc_trim
c3e13160 T free
c3e13390 T cfree
c3e13394 T malloc
c3e139a8 T memalign
c3e13ab8 T pvalloc
c3e13ad0 T valloc
c3e13adc T malloc_usable_size
c3e13b20 T mallopt
c3e13b98 T calloc
c3e13c78 T mem_malloc_init
c3e13ca4 T realloc
c3e1411c T env_get_char_spec
c3e14128 T env_init
c3e14144 T saveenv_nand
c3e1414c T saveenv_nand_adv
c3e14154 T env_relocate_spec_onenand
c3e14158 t use_default
c3e141e0 T env_relocate_spec_nand
c3e141e4 T env_relocate_spec_movinand
c3e1421c T env_relocate_spec
c3e14254 T saveenv_onenand
c3e1426c T saveenv_movinand
c3e142a4 T saveenv
c3e142ec T env_get_char_memory
c3e14310 T env_get_addr
c3e14334 T env_get_char
c3e14364 T env_crc_update
c3e1438c T set_default_env
c3e143d0 T env_relocate
c3e14428 t dummy
c3e1442c T get_version
c3e14434 T jumptable_init
c3e1460c t __fswab32
c3e14628 t image_get_data
c3e14630 t image_check_type
c3e14644 T image_multi_count
c3e1466c T get_table_entry_name
c3e14698 T genimg_get_os_name
c3e146b0 T genimg_get_arch_name
c3e146c8 T genimg_get_type_name
c3e146e0 T genimg_get_comp_name
c3e146f8 T genimg_get_image
c3e146fc T genimg_has_config
c3e14704 T get_table_entry_id
c3e14750 T genimg_get_comp_id
c3e14768 T genimg_get_type_id
c3e14780 T genimg_get_arch_id
c3e14798 T genimg_get_os_id
c3e147b0 t image_check_magic
c3e147d4 T genimg_get_format
c3e147e8 t image_get_data_size
c3e147f0 t image_get_load
c3e147f8 T image_multi_getimg
c3e14880 T genimg_print_size
c3e148ac T image_print_contents
c3e14a40 T memmove_wd
c3e14a44 T getenv_bootm_low
c3e14a78 T getenv_yesno
c3e14a9c T getenv_bootm_size
c3e14ad0 T image_check_dcrc
c3e14b18 T image_check_hcrc
c3e14b6c T boot_get_ramdisk
c3e14dc0 T __show_boot_progress
c3e14dc0 W show_boot_progress
c3e14dc4 T parse_line
c3e14e50 T run_command
c3e15220 T do_run
c3e1529c t delete_char
c3e15378 t cread_add_char
c3e15464 t cread_add_str
c3e154b8 T readline_into_buffer
c3e15d38 T readline
c3e15d54 T main_loop
c3e15eb4 t hex1_bin
c3e15ef4 t hex2_bin
c3e15f28 T srec_decode
c3e1618c T stdio_get_list
c3e16198 T stdio_clone
c3e161e0 T stdio_get_by_name
c3e16234 T stdio_register
c3e16274 T stdio_init
c3e16300 T parse_num
c3e1643c T xyzModem_error
c3e1645c T xyzModem_stream_close
c3e164ac T CYGACC_COMM_IF_PUTC
c3e164b4 T CYGACC_COMM_IF_GETC_TIMEOUT
c3e1650c t xyzModem_flush
c3e16534 T xyzModem_stream_terminate
c3e16608 t xyzModem_get_hdr
c3e16884 T xyzModem_stream_read
c3e16b18 T xyzModem_stream_open
c3e16c7c T board_init
c3e16ca0 T virt_to_phy_smdkc210
c3e16cb0 T checkboard
c3e16cdc T dram_init
c3e16ee0 T chk_bootdev
c3e16fa0 T check_bootmode
c3e17044 T board_late_init
c3e170a8 T cyg_crc16
c3e170ec T crc32_no_comp
c3e171d8 T crc32
c3e171ec T crc32_wd
c3e171f0 T print_size
c3e172b4 T display_options
c3e172d4 T print_buffer
c3e1742c T zunzip
c3e17524 T gunzip
c3e175d8 T zfree
c3e175e0 T zalloc
c3e175f0 T string_to_ip
c3e17668 t __toupper
c3e17684 T simple_strtoul
c3e17740 T simple_strtol
c3e17768 T ustrtoul
c3e177dc T simple_strtoull
c3e178bc t skip_atoi
c3e178f4 T panic
c3e17940 t string
c3e179e8 t put_dec
c3e17bb0 t number
c3e17de4 T vsprintf
c3e18250 T sprintf
c3e18274 T inflate_fast
c3e18790 T inflate_table
c3e18cf8 T inflateReset
c3e18d94 T inflateInit2_
c3e18e90 T inflateInit_
c3e18ea0 T inflateEnd
c3e18f24 T adler32
c3e19220 T zcfree
c3e19228 T zcalloc
c3e19230 T inflate
c3e1a98c T __div64_32
c3e1aa80 t read_p15_c1
c3e1aa88 t write_p15_c1
c3e1aa90 t cp_delay
c3e1aabc T InitBaseHwForNfc
c3e1ab44 T _console_write
c3e1ab98 T _console_setup
c3e1abf8 T cpu_init
c3e1ac00 T icache_enable
c3e1ac1c T icache_disable
c3e1ac38 T icache_status
c3e1ac48 T dcache_enable
c3e1ac64 T dcache_disable
c3e1ac80 T dcache_status
c3e1ac90 T branch_enable
c3e1acac T branch_disable
c3e1acc8 T branch_status
c3e1acd8 T cpu_mmc_init
c3e1acf0 T reset_cpu
c3e1ad24 T do_reset
c3e1ad3c T cleanup_before_linux
c3e1ad6c T serial_setbrg
c3e1ad70 T serial_init
c3e1ad80 t T.34
c3e1ad8c T serial_tstc
c3e1ada0 T serial_putc
c3e1adcc T serial_puts
c3e1adf4 T serial_getc
c3e1ae10 T s3c_usb_phy_off
c3e1ae3c T s3c_usb_core_soft_reset
c3e1ae60 T s3c_usb_init_core
c3e1ae7c T s3c_usb_check_current_mode
c3e1ae94 T s3c_usb_set_soft_disconnect
c3e1aeac T s3c_usb_clear_soft_disconnect
c3e1aec4 T s3c_usb_init_device
c3e1aef0 T s3c_usbc_activate
c3e1aef8 T s3c_usb_stop
c3e1af0c T s3c_usb_set_inep_xfersize
c3e1af40 T s3c_usb_set_outep_xfersize
c3e1af74 T s3c_usb_write_ep0_fifo
c3e1afc4 T s3c_usb_write_in_fifo
c3e1b014 T s3c_usb_read_out_fifo
c3e1b060 T s3c_usb_get_desc
c3e1b16c T s3c_usb_clear_feature
c3e1b1dc T s3c_usb_set_feature
c3e1b334 T s3c_usb_get_status
c3e1b3cc T s3c_usb_ep0_int_hndlr
c3e1b53c T s3c_usb_set_otherspeed_conf_desc
c3e1b628 T s3c_usb_transfer_ep0
c3e1beb0 T s3c_usb_int_bulkin
c3e1bf78 T s3c_usb_upload_start
c3e1c0d0 T s3c_usb_download_start
c3e1c1ec T s3c_usb_dma_in_done
c3e1c284 T s3c_usb_set_all_outep_nak
c3e1c2ac T s3c_usb_clear_all_outep_nak
c3e1c2d4 T s3c_usb_set_max_pktsize
c3e1c320 T s3c_usb_set_endpoint
c3e1c364 T s3c_usb_set_descriptors
c3e1c4b4 T s3c_usb_check_speed
c3e1c4cc T s3c_usb_clear_dnfile_info
c3e1c4e8 T s3c_usb_clear_upfile_info
c3e1c504 T s3c_usb_check_setconf
c3e1c51c T s3c_usb_set_opmode
c3e1c58c T s3c_usb_reset
c3e1c5ec T s3c_usb_set_init
c3e1c64c T s3c_usb_verify_checksum
c3e1c6ec T s3c_usb_download_continue
c3e1c798 T s3c_usb_int_bulkout
c3e1c7c0 T s3c_usb_pkt_receive
c3e1c82c T s3c_usb_print_pkt
c3e1c878 T s3c_usb_dma_out_done
c3e1c91c T s3c_usb_transfer
c3e1ca18 T s3c_udc_int_hndlr
c3e1cab8 T s3c_usb_wait_cable_insert
c3e1cb08 T s3c_usb_init_phy
c3e1cb48 T s3c_usbctl_init
c3e1cbd0 T get_device_type
c3e1cbe0 T arch_cpu_init
c3e1cd3c T print_cpuinfo
c3e1cd5c T fboot_usb_phy_off
c3e1cd88 T fboot_usb_core_soft_reset
c3e1cdac T fboot_usb_init_core
c3e1cdc8 T fboot_usb_check_current_mode
c3e1cde0 T fboot_usb_set_soft_disconnect
c3e1cdf8 T fboot_usb_clear_soft_disconnect
c3e1ce10 T fboot_usb_init_device
c3e1ce3c T fboot_usbc_activate
c3e1ce44 T fboot_usb_stop
c3e1ce58 T fboot_usb_set_inep_xfersize
c3e1ce8c T fboot_usb_set_outep_xfersize
c3e1cec0 T fboot_usb_write_ep0_fifo
c3e1cf10 T fboot_usb_write_in_fifo
c3e1cf60 T fboot_usb_read_out_fifo
c3e1cfac T fboot_usb_get_desc
c3e1d0cc T fboot_usb_clear_feature
c3e1d13c T fboot_usb_set_feature
c3e1d294 T fboot_usb_get_status
c3e1d32c T fboot_usb_ep0_int_hndlr
c3e1d49c T fboot_usb_set_otherspeed_conf_desc
c3e1d588 T fboot_usb_transfer_ep0
c3e1de28 T fboot_usb_upload_start
c3e1df80 T fboot_usb_download_start
c3e1e09c T fboot_usb_dma_in_done
c3e1e134 T fboot_usb_set_all_outep_nak
c3e1e15c T fboot_usb_clear_all_outep_nak
c3e1e184 T fboot_usb_set_max_pktsize
c3e1e1d0 T fboot_usb_set_endpoint
c3e1e214 T fboot_usb_set_descriptors
c3e1e368 T fboot_usb_check_speed
c3e1e380 T fboot_usb_clear_dnfile_info
c3e1e39c T fboot_usb_clear_upfile_info
c3e1e3b8 T fboot_usb_check_setconf
c3e1e3d0 T fboot_usb_set_opmode
c3e1e440 T fboot_usb_reset
c3e1e4a0 T fastboot_shutdown
c3e1e4a4 T fastboot_fifo_size
c3e1e4c0 T fastboot_getvar
c3e1e4c8 T fboot_usb_int_bulkin
c3e1e554 T fastboot_preboot
c3e1e5e8 T fboot_usb_set_init
c3e1e648 T fboot_usb_verify_checksum
c3e1e6dc T fboot_usb_download_continue
c3e1e788 T fboot_usb_print_pkt
c3e1e7c8 T fboot_usb_dma_out_done
c3e1e86c T fboot_usb_transfer
c3e1e96c T fboot_usb_wait_cable_insert
c3e1e9ac T fboot_usb_init_phy
c3e1e9ec T fboot_usbctl_init
c3e1ea74 T fastboot_init
c3e1eb50 T fboot_usb_int_bulkout
c3e1ebe0 T fboot_usb_pkt_receive
c3e1ec4c T fboot_usb_int_hndlr
c3e1ed08 T fastboot_poll
c3e1ed5c T fastboot_tx_status
c3e1eda8 T PMIC_GetVoltage_Buck
c3e1edf0 T PMIC_SetVoltage_Buck
c3e1ee34 T I2C_S5M8767_VolSetting
c3e1ee90 T pmic8767_init
c3e1eed8 T PMIC_InitIp
c3e1f104 T GPIO_Reset_B
c3e1f14c T GPIO_Reset_A
c3e1f194 T GPIO_Init
c3e1f1a8 T GPIO_SetFunctionEach
c3e1f1d8 T GPIO_SetFunctionAll
c3e1f1f0 T GPIO_SetDataEach
c3e1f220 T GPIO_SetDataAll
c3e1f23c T GPIO_GetDataAll
c3e1f258 T GPIO_SetPullUpDownEach
c3e1f28c T GPIO_SetPullUpDownAll
c3e1f2a8 T ETC_SetPullUpDownEach
c3e1f2d8 T ETC_SetPullUpDownAll
c3e1f2f0 T GPIO_SetDSEach
c3e1f324 T GPIO_SetDSAll
c3e1f350 T GPIO_SetConRegPDNAll
c3e1f36c T GPIO_SetPullUDPDNAll
c3e1f388 T GPIO_EINT1ClrPend
c3e1f3ac T GPIO_EINT1UnMask
c3e1f3d4 T GPIO_EINT1Mask
c3e1f404 T GPIO_EINT2ClrPend
c3e1f428 T GPIO_EINT2UnMask
c3e1f450 T GPIO_EINT2Mask
c3e1f480 T GPIO_EINT3ClrPend
c3e1f4a4 T GPIO_EINT3UnMask
c3e1f4cc T GPIO_EINT3Mask
c3e1f4fc T GPIO_EINT4ClrPend
c3e1f520 T GPIO_EINT4UnMask
c3e1f548 T GPIO_EINT4Mask
c3e1f578 T GPIO_EINT5ClrPend
c3e1f59c T GPIO_EINT5UnMask
c3e1f5c4 T GPIO_EINT5Mask
c3e1f5f4 T GPIO_EINT6ClrPend
c3e1f618 T GPIO_EINT6UnMask
c3e1f640 T GPIO_EINT6Mask
c3e1f670 T GPIO_EINT7ClrPend
c3e1f694 T GPIO_EINT7UnMask
c3e1f6bc T GPIO_EINT7Mask
c3e1f6ec T GPIO_EINT8ClrPend
c3e1f710 T GPIO_EINT8UnMask
c3e1f738 T GPIO_EINT8Mask
c3e1f768 T GPIO_EINT9ClrPend
c3e1f78c T GPIO_EINT9UnMask
c3e1f7b4 T GPIO_EINT9Mask
c3e1f7e4 T GPIO_EINT10ClrPend
c3e1f808 T GPIO_EINT10UnMask
c3e1f830 T GPIO_EINT10Mask
c3e1f860 T GPIO_EINT11ClrPend
c3e1f884 T GPIO_EINT11UnMask
c3e1f8ac T GPIO_EINT11Mask
c3e1f8dc T GPIO_EINT12ClrPend
c3e1f900 T GPIO_EINT12UnMask
c3e1f928 T GPIO_EINT12Mask
c3e1f958 T GPIO_EINT13ClrPend
c3e1f97c T GPIO_EINT13UnMask
c3e1f9a4 T GPIO_EINT13Mask
c3e1f9d4 T GPIO_EINT14ClrPend
c3e1f9f8 T GPIO_EINT14UnMask
c3e1fa20 T GPIO_EINT14Mask
c3e1fa50 T GPIO_EINT15ClrPend
c3e1fa74 T GPIO_EINT15UnMask
c3e1fa9c T GPIO_EINT15Mask
c3e1facc T GPIO_EINT16ClrPend
c3e1faf0 T GPIO_EINT16UnMask
c3e1fb18 T GPIO_EINT16Mask
c3e1fb48 T GPIO_EINT21ClrPend
c3e1fb64 T GPIO_EINT21UnMask
c3e1fb84 T GPIO_EINT21Mask
c3e1fbac T GPIO_EINT22ClrPend
c3e1fbc8 T GPIO_EINT22UnMask
c3e1fbe8 T GPIO_EINT22Mask
c3e1fc10 T GPIO_EINT23ClrPend
c3e1fc2c T GPIO_EINT23UnMask
c3e1fc4c T GPIO_EINT23Mask
c3e1fc74 T GPIO_EINT24ClrPend
c3e1fc90 T GPIO_EINT24UnMask
c3e1fcb0 T GPIO_EINT24Mask
c3e1fcd8 T GPIO_EINT25ClrPend
c3e1fcf4 T GPIO_EINT25UnMask
c3e1fd14 T GPIO_EINT25Mask
c3e1fd3c T GPIO_EINT26ClrPend
c3e1fd58 T GPIO_EINT26UnMask
c3e1fd78 T GPIO_EINT26Mask
c3e1fda0 T GPIO_EINT27ClrPend
c3e1fdbc T GPIO_EINT27UnMask
c3e1fddc T GPIO_EINT27Mask
c3e1fe04 T GPIO_EINT28ClrPend
c3e1fe20 T GPIO_EINT28UnMask
c3e1fe40 T GPIO_EINT28Mask
c3e1fe68 T GPIO_EINT29ClrPend
c3e1fe84 T GPIO_EINT29UnMask
c3e1fea4 T GPIO_EINT29Mask
c3e1fecc T GPIO_EINT40ClrPend
c3e1fee8 T GPIO_EINT40UnMask
c3e1ff08 T GPIO_EINT40Mask
c3e1ff30 T GPIO_EINT41ClrPend
c3e1ff4c T GPIO_EINT41UnMask
c3e1ff6c T GPIO_EINT41Mask
c3e1ff94 T GPIO_EINT42ClrPend
c3e1ffb0 T GPIO_EINT42UnMask
c3e1ffd0 T GPIO_EINT42Mask
c3e1fff8 T GPIO_EINT43ClrPend
c3e20014 T GPIO_EINT43UnMask
c3e20034 T GPIO_EINT43Mask
c3e2005c T EINT_GRPPRI_XA
c3e20084 T EINT_GRPPRI_XB
c3e200a4 T EINT_PRIORITY_XA
c3e200d8 T EINT_PRIORITY_XB
c3e20104 T Get_EINTSVC_XA
c3e20120 T Get_EINTSVC_XB
c3e20134 T Get_EINTSVCPEND_XA
c3e20150 T Get_EINTSVCPEND_XB
c3e20164 T EINT_GRPFIXPRI_XA
c3e2018c T EINT_GRPFIXPRI_XB
c3e201ac T EINT_FIXPRI_XB
c3e201f0 T EINT_FIXPRI_XA
c3e20234 t T.398
c3e20264 T GPIO_SetEint1
c3e20360 T GPIO_SetEint2
c3e20468 T GPIO_SetEint3
c3e20570 T GPIO_SetEint4
c3e20658 T GPIO_SetEint5
c3e20740 T GPIO_SetEint6
c3e207fc T GPIO_SetEint7
c3e208b8 T GPIO_SetEint8
c3e209a0 T GPIO_SetEint9
c3e20aa8 T GPIO_SetEint10
c3e20bb0 T GPIO_SetEint11
c3e20cb8 T GPIO_SetEint12
c3e20dc0 T GPIO_SetEint13
c3e20ec8 T GPIO_SetEint14
c3e20fd0 T GPIO_SetEint15
c3e210d8 T GPIO_SetEint16
c3e211e0 T GPIO_SetEint21
c3e212cc T GPIO_SetEint22
c3e21398 T GPIO_SetEint23
c3e21484 T GPIO_SetEint24
c3e21570 T GPIO_SetEint25
c3e2165c T GPIO_SetEint26
c3e21748 T GPIO_SetEint27
c3e21834 T GPIO_SetEint28
c3e218dc T GPIO_SetEint29
c3e219c8 T GPIO_SetEint40
c3e21ab4 T GPIO_SetEint41
c3e21ba0 T GPIO_SetEint42
c3e21c8c T GPIO_SetEint43
c3e21d78 T I2C_GetLastError
c3e21d90 T I2C_SetClock
c3e21dfc T I2C_SetAckGeneration
c3e21e38 T I2C_SetSlaveAddress
c3e21e6c T I2C_SetFilter
c3e21ea8 T I2C_SetOutputDelay
c3e21ee0 T I2C_EnableInt
c3e21f04 T I2C_DisableInt
c3e21f28 T I2C_GetIntStatus
c3e21f48 T I2C_WaitForXferNoAck
c3e21f88 T I2C_ClearIntStatus
c3e21fac T I2C_SetMode
c3e220a8 T I2C_GenerateSignal
c3e220e4 T I2C_GetBusStatus
c3e22104 T I2C_IsBusReady
c3e22128 T I2C_WaitForBusReady
c3e22168 T I2C_IsBusBusy
c3e22188 T I2C_IsMatchAddress
c3e221a8 T I2C_WaitForMatchAddress
c3e221f8 T I2C_IsXferAck
c3e2221c T I2C_WaitForXferAck
c3e2226c T I2C_WriteAddress
c3e2228c T I2C_WriteData
c3e222a8 T I2C_ReadData
c3e222c4 T I2C_SetGPIO
c3e226fc T I2C_InitSlave
c3e22754 T I2C_InitMaster
c3e2279c T I2C_CalculatePrescaler
c3e2286c T I2C_PrintErrorCase
c3e228f4 t I2C_RecvForGeneral
c3e22b78 T I2C_RecvEx
c3e22b7c T I2C_Recv
c3e22cfc t I2C_SendForGeneral
c3e22ed8 T I2C_SendEx
c3e22edc T I2C_Send
c3e23034 T I2C_InitIp
c3e230dc T SYSC_SetCpuDiv
c3e2315c T SYSC_SetCoreDiv
c3e231f8 T SYSC_SetTopBusDiv
c3e23290 T SYSC_SetDivDefaultVal
c3e23318 T SYSC_SetLocktimeVal
c3e23398 T SYSC_CheckPllLock
c3e233ec T SYSC_EnablePll
c3e23450 T SYSC_DisablePll
c3e234a8 T SYSC_SetDitherParam
c3e23504 t SYSC_SetPll4508
c3e2361c t SYSC_GetVcoPll4508
c3e23660 t SYSC_GetFoutPll4508
c3e236bc t SYSC_CalcPll4508
c3e23710 T SYSC_CalcPllFout
c3e2384c T SYSC_GetMuxSrc
c3e23874 T SYSC_SetMuxSrc
c3e2392c T SYSC_SetClkDiv
c3e23980 T SYSC_GetClkDiv
c3e239ac T SYSC_SetClkGateIp
c3e239e0 T SYSC_GetClkGateIp
c3e23a0c T SYSC_SetClkGateBlock
c3e23a40 T SYSC_GetClkGateBlock
c3e23a6c t SYSC_SetCmuClkOut
c3e23ac4 T SYSC_SetClkOut
c3e23bd4 T SYSC_SetPllByPms
c3e23e5c T SYSC_SetPllByFout
c3e24308 T SYSC_GetVcoPll
c3e24460 T SYSC_GetFoutPll
c3e245d0 T SYSC_ChangePllnDiv
c3e24794 T SYSC_InitSysClk
c3e24984 t SYSC_GetMuxClkOut
c3e24e4c T SYSC_GetClkFreq
c3e24ff0 t get_PLLCLK
c3e25044 T get_ARM_CLK
c3e25078 T get_MPLL_CLK
c3e25080 T get_APLL_CLK
c3e25088 t ReadWriteByte
c3e250a0 t WaitForXfer
c3e250e8 t i2c_transfer
c3e25350 t T.46
c3e253a4 T pmic_write
c3e253a8 T max8997_init
c3e2541c t T.48
c3e25470 T lowlevel_init_max8997
c3e254dc T pmic_read
c3e254e0 T setup_sdhci0_cfg_card
c3e254e4 T setup_hsmmc_cfg_gpio
c3e2557c T setup_hsmmc_clock
c3e25668 T set_hsmmc_pre_ratio
c3e256f0 T clear_hsmmc_clock_div
c3e25740 T do_bootm_linux
c3e25978 T flush_cache
c3e2597c t sdhci_change_clock
c3e25a40 t s3c_hsmmc_set_ios
c3e25a98 t s3c_hsmmc_send_command
c3e25d4c T smdk_s3c_hsmmc_init
c3e25df4 t T.40
c3e25e54 t s3c_hsmmc_init
c3e25ea4 t mshci_writel
c3e25eb0 t mshci_readl
c3e25ebc t mshci_set_mdma_desc
c3e25ed8 t calc_max_emmc_clock
c3e25f2c t get_emmc_bit_pre
c3e25f58 t mshci_clock_onoff
c3e26064 T mshci_fifo_deinit
c3e2608c t mshci_change_clock
c3e26270 t s5p_mshc_set_ios
c3e26370 t mshci_reset_fifo
c3e263c8 t s5c_mshc_init
c3e2665c t s5p_mshc_send_command
c3e26ab0 T emmc_mode_change
c3e26b00 T smdk_s5p_mshc_init
c3e26ba4 T raise
c3e26bc0 T __aeabi_uidiv
c3e26bc0 T __udivsi3
c3e26bc0 t .udivsi3_nodiv0
c3e26dac T __aeabi_uidivmod
c3e26dcc T __aeabi_idiv
c3e26dcc T __divsi3
c3e26dd4 t .divsi3_nodiv0
c3e26fec T __aeabi_idivmod
c3e2700c T __aeabi_llsr
c3e2700c T __lshrdi3
c3e27028 T __aeabi_drsub
c3e27030 T __aeabi_dsub
c3e27030 T __subdf3
c3e27034 T __adddf3
c3e27034 T __aeabi_dadd
c3e272e0 T __aeabi_ui2d
c3e272e0 T __floatunsidf
c3e27304 T __aeabi_i2d
c3e27304 T __floatsidf
c3e2732c T __aeabi_f2d
c3e2732c T __extendsfdf2
c3e2736c T __aeabi_ul2d
c3e2736c T __floatundidf
c3e27380 T __aeabi_l2d
c3e27380 T __floatdidf
c3e273e0 T __aeabi_dmul
c3e273e0 T __muldf3
c3e2764c T __aeabi_ddiv
c3e2764c T __divdf3
c3e27850 T __aeabi_d2f
c3e27850 T __truncdfsf2
c3e278f0 T __aeabi_frsub
c3e278f8 T __aeabi_fsub
c3e278f8 T __subsf3
c3e278fc T __addsf3
c3e278fc T __aeabi_fadd
c3e27a8c T __aeabi_ui2f
c3e27a8c T __floatunsisf
c3e27a94 T __aeabi_i2f
c3e27a94 T __floatsisf
c3e27ab4 T __aeabi_ul2f
c3e27ab4 T __floatundisf
c3e27ac4 T __aeabi_l2f
c3e27ac4 T __floatdisf
c3e27b40 T __aeabi_fmul
c3e27b40 T __mulsf3
c3e27cd8 T __aeabi_fdiv
c3e27cd8 T __divsf3
c3e27e38 T __gesf2
c3e27e38 T __gtsf2
c3e27e40 T __lesf2
c3e27e40 T __ltsf2
c3e27e48 T __cmpsf2
c3e27e48 T __eqsf2
c3e27e48 T __nesf2
c3e27eac T __aeabi_cfrcmple
c3e27ebc T __aeabi_cfcmpeq
c3e27ebc T __aeabi_cfcmple
c3e27ed0 T __aeabi_fcmpeq
c3e27ee4 T __aeabi_fcmplt
c3e27ef8 T __aeabi_fcmple
c3e27f0c T __aeabi_fcmpge
c3e27f20 T __aeabi_fcmpgt
c3e27f34 T __aeabi_f2uiz
c3e27f34 T __fixunssfsi
c3e27f88 W __aeabi_idiv0
c3e27f88 W __aeabi_ldiv0
c3e27f98 R sha1_digest_emptymsg
c3e27fac r C.32.3329
c3e2802c R version_string
c3e28068 r block_drvr
c3e28078 r boot_os
c3e280c4 r CSWTCH.49
c3e2811c r CSWTCH.58
c3e2813c r crc16_tab
c3e2833c r crc_table
c3e2873c r digits.3266
c3e2874c R hex_asc
c3e28760 r lext.3601
c3e287a0 r lbase.3600
c3e287e0 r dext.3603
c3e28820 r dbase.3602
c3e28860 r lenfix
c3e29060 r distfix
c3e290e0 r order.3910
c3e29108 R z_errmsg
c3e29130 R config_full
c3e2913c R config_full_total
c3e2915c R config_high
c3e29168 R config_high_total
c3e29188 R qualifier_desc
c3e29194 R string_desc0
c3e29198 R string_desc1
c3e291b0 R string_desc2
c3e291dc R fboot_config_full
c3e291e8 R fboot_config_full_total
c3e29208 R fboot_config_high
c3e29214 R fboot_config_high_total
c3e29234 R fboot_qualifier_desc
c3e29240 R fboot_string_desc0
c3e29244 R fboot_string_desc1
c3e2925c R fboot_string_desc2
c3e29274 R string_desc3
c3e29290 R gVoltage_Type
c3e292a8 r aoMuxSel
c3e2a0e0 r aoDivRatio
c3e2b460 r aoGateIp
c3e2cf60 r aoGateBlk
c3e2d0b0 r aoClkOut
c3e38000 R mmu_table
c3e3c000 D init_sequence
c3e3c034 d cur_part
c3e3c038 D indir1_blkno
c3e3c03c D indir2_blkno
c3e3c040 d cur_dev_num
c3e3c044 D load_addr
c3e3c048 D cmd_bootm_sub
c3e3c0d8 d static_pcount
c3e3c0dc d interface
c3e3c0f8 D op_table
c3e3c160 d do_echo
c3e3c164 D dp_last_length
c3e3c168 d env_id
c3e3c16c d av_
c3e3c574 d sbrk_base
c3e3c578 d trim_threshold
c3e3c57c d mmap_threshold
c3e3c580 D env_name_spec
c3e3c584 D default_environment
c3e3c60c D default_environment_size
c3e3c610 d uimage_os
c3e3c670 d uimage_arch
c3e3c760 d uimage_type
c3e3c7f0 d uimage_comp
c3e3c838 d erase_seq
c3e3c83c d tab_seq
c3e3c848 d hist_cur
c3e3c84c D stdio_names
c3e3c858 D dmc_density
c3e3c85c D _ctype
c3e3c95c D test_pkt
c3e3c994 D CORE_NUM_STR
c3e3c998 D fboot_test_pkt
c3e3c9d0 D ptable_default
c3e3ca94 D ptable_default_size
c3e3ca98 d g_aI2c
c3e3cb70 D nr_dram_banks
c3e3cb74 A __u_boot_cmd_start
c3e3cb74 D __u_boot_cmd_recovery
c3e3cb8c D __u_boot_cmd_bdinfo
c3e3cba4 D __u_boot_cmd_go
c3e3cbbc D __u_boot_cmd_reset
c3e3cbd4 D __u_boot_cmd_bootm
c3e3cbec D __u_boot_cmd_boot
c3e3cc04 D __u_boot_cmd_bootd
c3e3cc1c D __u_boot_cmd_iminfo
c3e3cc34 D __u_boot_cmd_coninfo
c3e3cc4c D __u_boot_cmd_echo
c3e3cc64 D __u_boot_cmd_bootelf
c3e3cc7c D __u_boot_cmd_bootvx
c3e3cc94 D __u_boot_cmd_ext2ls
c3e3ccac D __u_boot_cmd_ext2load
c3e3ccc4 D __u_boot_cmd_ext2format
c3e3ccdc D __u_boot_cmd_ext3format
c3e3ccf4 D __u_boot_cmd_fastboot
c3e3cd0c D __u_boot_cmd_sdfuse
c3e3cd24 D __u_boot_cmd_fatload
c3e3cd3c D __u_boot_cmd_fatls
c3e3cd54 D __u_boot_cmd_fatinfo
c3e3cd6c D __u_boot_cmd_fatformat
c3e3cd84 D __u_boot_cmd_help
c3e3cd9c D __u_boot_cmd_question_mark
c3e3cdb4 D __u_boot_cmd_itest
c3e3cdcc D __u_boot_cmd_loads
c3e3cde4 D __u_boot_cmd_loadb
c3e3cdfc D __u_boot_cmd_loady
c3e3ce14 D __u_boot_cmd_max8997
c3e3ce2c D __u_boot_cmd_mdmup
c3e3ce44 D __u_boot_cmd_md
c3e3ce5c D __u_boot_cmd_mm
c3e3ce74 D __u_boot_cmd_nm
c3e3ce8c D __u_boot_cmd_mw
c3e3cea4 D __u_boot_cmd_cp
c3e3cebc D __u_boot_cmd_cmp
c3e3ced4 D __u_boot_cmd_crc32
c3e3ceec D __u_boot_cmd_base
c3e3cf04 D __u_boot_cmd_loop
c3e3cf1c D __u_boot_cmd_mtest
c3e3cf34 D __u_boot_cmd_sleep
c3e3cf4c D __u_boot_cmd_mmcinfo
c3e3cf64 D __u_boot_cmd_emmc
c3e3cf7c D __u_boot_cmd_mmc
c3e3cf94 D __u_boot_cmd_fdisk
c3e3cfac D __u_boot_cmd_movi
c3e3cfc4 D __u_boot_cmd_saveenv
c3e3cfdc D __u_boot_cmd_editenv
c3e3cff4 D __u_boot_cmd_printenv
c3e3d00c D __u_boot_cmd_setenv
c3e3d024 D __u_boot_cmd_run
c3e3d03c D __u_boot_cmd_source
c3e3d054 D __u_boot_cmd_dnw
c3e3d06c D __u_boot_cmd_version
c3e3d084 D __u_boot_cmd_imxtract
c3e3d09c A __bss_start
c3e3d09c A __u_boot_cmd_end
c3e3d0a0 B ___strtok
c3e3d0a4 B timer_load_val
c3e3d0a8 b lastdec
c3e3d0ac b timestamp
c3e3d0b0 B recovery_enter
c3e3d0b4 B power_mode
c3e3d0b8 B key1_pulldown
c3e3d0bc B key2_pulldown
c3e3d0c0 B monitor_flash_len
c3e3d0c4 b part_offset
c3e3d0c8 b cur_dev
c3e3d0cc B get_vfatname_block
c3e4d0cc B do_fat_read_block
c3e5d0cc B get_dentfromdir_block
c3e6d0cc B ext2fs_root
c3e6d0d0 B ext2fs_file
c3e6d0d4 B indir1_block
c3e6d0d8 B indir1_size
c3e6d0dc B indir2_block
c3e6d0e0 B indir2_size
c3e6d0e4 B symlinknest
c3e6d0e8 b part_info
c3e6d134 b ext2fs_block_dev_desc
c3e6d138 b mmc_devices
c3e6d140 B mmc_global
c3e6d14c B mmc_default
c3e6d150 b images
c3e6d1dc b download_size
c3e6d1e0 b download_bytes
c3e6d1e4 b download_error
c3e6d1e8 b pcount
c3e6d1ec b ptable
c3e6d3ac B dev_number_write
c3e6d3b0 B fuse_by_fastboot
c3e6d3b4 b os_data_state
c3e6d3b8 b os_data_addr
c3e6d3bc b bin_start_address
c3e6d3c0 b k_data_escape
c3e6d3c4 B os_data_init
c3e6d3c8 b k_data_escape_saved
c3e6d3cc b os_data_state_saved
c3e6d3d0 b os_data_addr_saved
c3e6d3d4 B os_data_char
c3e6d3d8 B his_quote
c3e6d3dc B his_pad_count
c3e6d3e0 B his_pad_char
c3e6d3e1 B his_eol
c3e6d3e4 B send_ptr
c3e6d3e8 B send_parms
c3e6d3fc b a_b
c3e6d414 b base_address
c3e6d418 B mm_last_addr
c3e6d41c B mm_last_size
c3e6d420 B dp_last_addr
c3e6d424 B dp_last_size
c3e6d428 B raw_area_control
c3e6d628 b ctrlc_disabled
c3e6d62c b ctrlc_was_pressed
c3e6d630 B mem_malloc_brk
c3e6d634 B mem_malloc_start
c3e6d638 B mem_malloc_end
c3e6d63c b current_mallinfo
c3e6d664 b top_pad
c3e6d668 b max_sbrked_mem
c3e6d66c b max_total_mem
c3e6d670 b n_mmaps_max
c3e6d674 B env_ptr
c3e6d678 b initted.3300
c3e6d67c b hist_max
c3e6d680 b hist_add_idx
c3e6d684 B hist_num
c3e6d688 B hist_lines
c3e6ea88 B hist_list
c3e6ead8 B console_buffer
c3e6ebd8 b lastcommand.2985
c3e6ecd8 b devs
c3e6ed14 B stdio_devices
c3e6ed20 b xyz
c3e6f15c B OmPin
c3e6f160 B boot_mode
c3e6f164 B otg
c3e6f1e8 B remode_wakeup
c3e6f1ec B get_status
c3e6f1f2 B config_value
c3e6f1f4 B get_intf
c3e6f1f8 B s3c_usbd_dn_addr
c3e6f1fc B op_mode
c3e6f200 B s3c_usbd_dn_cnt
c3e6f204 B s3c_receive_done
c3e6f208 B speed
c3e6f20c B s3c_got_header
c3e6f210 B DNW
c3e6f214 B s5pc210_cpu_id
c3e6f218 B fboot_otg
c3e6f29c B fboot_remode_wakeup
c3e6f2a0 B fboot_get_status
c3e6f2a6 B fboot_config_value
c3e6f2a8 B fboot_get_intf
c3e6f2ac B fboot_usbd_dn_addr
c3e6f2b0 B fboot_response_flag
c3e6f2b4 B reply_msg
c3e6f2b8 B fboot_op_mode
c3e6f2bc B fboot_usbd_dn_cnt
c3e6f2c0 B fboot_receive_done
c3e6f2c4 B fboot_speed
c3e6f2c8 b device_strings
c3e6f2d0 b serial_number.4860
c3e6f2f0 b fastboot_interface
c3e6f2f4 b fastboot_bulk_fifo
c3e6f4f8 B transfer_size
c3e6f4fc B fboot_got_header
c3e6f500 B tx_msg_buf
c3e6f504 B total_dn_size
c3e6f508 B Is_TC4_Dvt
c3e6f50c b GPIO_pBase
c3e6f510 B g_IntCnt
c3e6f514 B sclk_mmc4
c3e6f518 b params
c3e6f520 B mmc_host
c3e6f638 B emmc_bit_pre
c3e6f63c B emmc_mode_pre
c3e6f640 B emmc_clock_pre
c3e6f644 b idmac_desc
c3f6f644 B mmc_channel
c3f6fba8 B mshc_host
c3f6fcc0 A _end
